  --- Physical volume ---
  PV Name               /dev/md127
  VG Name               vg1
  PV Size               <976,44 GiB / not usable 3,00 MiB
  Allocatable           yes 
  PE Size               4,00 MiB
  Total PE              249967
  Free PE               185967
  Allocated PE          64000
  PV UUID               rTaEcu-Mthw-bEI4-KrWk-78iW-3A2C-qaT30Z
   
  --- Physical volume ---
  PV Name               /dev/md126
  VG Name               vg2
  PV Size               <1,78 TiB / not usable 2,00 MiB
  Allocatable           yes 
  PE Size               4,00 MiB
  Total PE              465364
  Free PE               401364
  Allocated PE          64000
  PV UUID               74MG82-Knzy-o6r7-U0j3-Ogk2-dvRo-59QcO7
   
  --- Physical volume ---
  PV Name               /dev/sda5
  VG Name               vgmint
  PV Size               931,01 GiB / not usable 3,00 MiB
  Allocatable           yes (but full)
  PE Size               4,00 MiB
  Total PE              238338
  Free PE               0
  Allocated PE          238338
  PV UUID               24glAq-OMCz-pRvl-2lJw-Zumn-lW5w-luJAGn

#-------------------------------------------------------------

У вас есть два жестких диска WDC WD30EFRX-68E емкостью 2,75 ТБ каждый (/dev/sdb и /dev/sdc).

На каждом из этих дисков созданы два раздела:

/dev/sdb1 и /dev/sdc1 размером 976,6 ГБ каждый.
/dev/sdb2 и /dev/sdc2 размером 1,8 ТБ каждый.

Разделы /dev/sdb1 и /dev/sdc1 объединены в RAID-массив /dev/md127,
  который используется как физический том (PV) для группы томов (VG) vg1.

Разделы /dev/sdb2 и /dev/sdc2 объединены в RAID-массив /dev/md126,
  который используется как физический том (PV) для группы томов (VG) vg2.

На vg1 создан логический том (LV) размером 64 ГБ (64000 PE).

На vg2 также создан логический том (LV) размером 64 ГБ (64000 PE).

У вас также есть SSD диск /dev/sda емкостью 931,53 ГБ, на котором создана группа томов vgmint, полностью занятая логическим томом.

Исходя из этой информации, наибольшее свободное пространство для создания нового логического тома (LV) доступно в группах томов vg1 и vg2:

В vg1 доступно 185967 свободных PE (физических расширений), что эквивалентно примерно 714 ГБ свободного пространства.
В vg2 доступно 401364 свободных PE, что эквивалентно примерно 1,54 ТБ свободного пространства.
Таким образом, наибольшее свободное пространство для создания нового логического тома находится в группе томов vg2,
где доступно около 1,54 ТБ свободного места.

Если вам нужно создать новый логический том большого размера, я бы рекомендовал использовать vg2,
так как там больше свободного места. Если же вам нужен том меньшего размера, вы можете использовать как vg1, так и vg2.
   
